Archive member included to satisfy reference by file (symbol)

/usr/lib/x86_64-linux-gnu/libc_nonshared.a(elf-init.oS)
                              /usr/lib/gcc/x86_64-linux-gnu/6/../../../x86_64-linux-gnu/Scrt1.o (__libc_csu_init)

Allocating common symbols
Common symbol       size              file

recbuf              0x8               uart.o
transbuf            0x8               uart.o

Discarded input sections

 .note.GNU-stack
                0x0000000000000000        0x0 /usr/lib/gcc/x86_64-linux-gnu/6/../../../x86_64-linux-gnu/Scrt1.o
 .note.GNU-stack
                0x0000000000000000        0x0 /usr/lib/gcc/x86_64-linux-gnu/6/../../../x86_64-linux-gnu/crti.o
 .note.GNU-stack
                0x0000000000000000        0x0 /usr/lib/gcc/x86_64-linux-gnu/6/crtbeginS.o
 .note.GNU-stack
                0x0000000000000000        0x0 main.o
 .note.GNU-stack
                0x0000000000000000        0x0 project2.o
 .note.GNU-stack
                0x0000000000000000        0x0 memory.o
 .note.GNU-stack
                0x0000000000000000        0x0 conversion.o
 .note.GNU-stack
                0x0000000000000000        0x0 circbuf.o
 .note.GNU-stack
                0x0000000000000000        0x0 uart.o
 .note.GNU-stack
                0x0000000000000000        0x0 /usr/lib/x86_64-linux-gnu/libc_nonshared.a(elf-init.oS)
 .note.GNU-stack
                0x0000000000000000        0x0 /usr/lib/gcc/x86_64-linux-gnu/6/crtendS.o
 .note.GNU-stack
                0x0000000000000000        0x0 /usr/lib/gcc/x86_64-linux-gnu/6/../../../x86_64-linux-gnu/crtn.o

Memory Configuration

Name             Origin             Length             Attributes
*default*        0x0000000000000000 0xffffffffffffffff

Linker script and memory map

LOAD /usr/lib/gcc/x86_64-linux-gnu/6/../../../x86_64-linux-gnu/Scrt1.o
LOAD /usr/lib/gcc/x86_64-linux-gnu/6/../../../x86_64-linux-gnu/crti.o
LOAD /usr/lib/gcc/x86_64-linux-gnu/6/crtbeginS.o
LOAD main.o
LOAD project2.o
LOAD memory.o
LOAD conversion.o
LOAD circbuf.o
LOAD uart.o
LOAD /usr/lib/gcc/x86_64-linux-gnu/6/libgcc.a
LOAD /usr/lib/gcc/x86_64-linux-gnu/6/libgcc_s.so
START GROUP
LOAD /usr/lib/gcc/x86_64-linux-gnu/6/libgcc_s.so.1
LOAD /usr/lib/gcc/x86_64-linux-gnu/6/libgcc.a
END GROUP
LOAD /usr/lib/gcc/x86_64-linux-gnu/6/../../../x86_64-linux-gnu/libc.so
START GROUP
LOAD /lib/x86_64-linux-gnu/libc.so.6
LOAD /usr/lib/x86_64-linux-gnu/libc_nonshared.a
LOAD /lib/x86_64-linux-gnu/ld-linux-x86-64.so.2
END GROUP
LOAD /usr/lib/gcc/x86_64-linux-gnu/6/libgcc.a
LOAD /usr/lib/gcc/x86_64-linux-gnu/6/libgcc_s.so
START GROUP
LOAD /usr/lib/gcc/x86_64-linux-gnu/6/libgcc_s.so.1
LOAD /usr/lib/gcc/x86_64-linux-gnu/6/libgcc.a
END GROUP
LOAD /usr/lib/gcc/x86_64-linux-gnu/6/crtendS.o
LOAD /usr/lib/gcc/x86_64-linux-gnu/6/../../../x86_64-linux-gnu/crtn.o
                [!provide]                        PROVIDE (__executable_start, SEGMENT_START ("text-segment", 0x0))
                0x0000000000000238                . = (SEGMENT_START ("text-segment", 0x0) + SIZEOF_HEADERS)

.interp         0x0000000000000238       0x1c
 *(.interp)
 .interp        0x0000000000000238       0x1c /usr/lib/gcc/x86_64-linux-gnu/6/../../../x86_64-linux-gnu/Scrt1.o

.note.ABI-tag   0x0000000000000254       0x20
 .note.ABI-tag  0x0000000000000254       0x20 /usr/lib/gcc/x86_64-linux-gnu/6/../../../x86_64-linux-gnu/Scrt1.o

.note.gnu.build-id
                0x0000000000000274       0x24
 *(.note.gnu.build-id)
 .note.gnu.build-id
                0x0000000000000274       0x24 /usr/lib/gcc/x86_64-linux-gnu/6/../../../x86_64-linux-gnu/Scrt1.o

.hash
 *(.hash)

.gnu.hash       0x0000000000000298       0x1c
 *(.gnu.hash)
 .gnu.hash      0x0000000000000298       0x1c /usr/lib/gcc/x86_64-linux-gnu/6/../../../x86_64-linux-gnu/Scrt1.o

.dynsym         0x00000000000002b8      0x108
 *(.dynsym)
 .dynsym        0x00000000000002b8      0x108 /usr/lib/gcc/x86_64-linux-gnu/6/../../../x86_64-linux-gnu/Scrt1.o

.dynstr         0x00000000000003c0       0xbd
 *(.dynstr)
 .dynstr        0x00000000000003c0       0xbd /usr/lib/gcc/x86_64-linux-gnu/6/../../../x86_64-linux-gnu/Scrt1.o

.gnu.version    0x000000000000047e       0x16
 *(.gnu.version)
 .gnu.version   0x000000000000047e       0x16 /usr/lib/gcc/x86_64-linux-gnu/6/../../../x86_64-linux-gnu/Scrt1.o

.gnu.version_d  0x0000000000000498        0x0
 *(.gnu.version_d)
 .gnu.version_d
                0x0000000000000498        0x0 /usr/lib/gcc/x86_64-linux-gnu/6/../../../x86_64-linux-gnu/Scrt1.o

.gnu.version_r  0x0000000000000498       0x30
 *(.gnu.version_r)
 .gnu.version_r
                0x0000000000000498       0x30 /usr/lib/gcc/x86_64-linux-gnu/6/../../../x86_64-linux-gnu/Scrt1.o

.rela.dyn       0x00000000000004c8      0x138
 *(.rela.init)
 *(.rela.text .rela.text.* .rela.gnu.linkonce.t.*)
 .rela.text     0x00000000000004c8        0x0 /usr/lib/gcc/x86_64-linux-gnu/6/../../../x86_64-linux-gnu/Scrt1.o
 *(.rela.fini)
 *(.rela.rodata .rela.rodata.* .rela.gnu.linkonce.r.*)
 *(.rela.data .rela.data.* .rela.gnu.linkonce.d.*)
 .rela.data.rel.ro
                0x00000000000004c8        0x0 /usr/lib/gcc/x86_64-linux-gnu/6/../../../x86_64-linux-gnu/Scrt1.o
 .rela.data.rel.local
                0x00000000000004c8       0x18 /usr/lib/gcc/x86_64-linux-gnu/6/../../../x86_64-linux-gnu/Scrt1.o
 *(.rela.tdata .rela.tdata.* .rela.gnu.linkonce.td.*)
 *(.rela.tbss .rela.tbss.* .rela.gnu.linkonce.tb.*)
 *(.rela.ctors)
 *(.rela.dtors)
 *(.rela.got)
 .rela.got      0x00000000000004e0       0xf0 /usr/lib/gcc/x86_64-linux-gnu/6/../../../x86_64-linux-gnu/Scrt1.o
 *(.rela.bss .rela.bss.* .rela.gnu.linkonce.b.*)
 .rela.bss      0x00000000000005d0        0x0 /usr/lib/gcc/x86_64-linux-gnu/6/../../../x86_64-linux-gnu/Scrt1.o
 *(.rela.ldata .rela.ldata.* .rela.gnu.linkonce.l.*)
 *(.rela.lbss .rela.lbss.* .rela.gnu.linkonce.lb.*)
 *(.rela.lrodata .rela.lrodata.* .rela.gnu.linkonce.lr.*)
 *(.rela.ifunc)
 .rela.fini_array
                0x00000000000005d0       0x18 /usr/lib/gcc/x86_64-linux-gnu/6/../../../x86_64-linux-gnu/Scrt1.o
 .rela.init_array
                0x00000000000005e8       0x18 /usr/lib/gcc/x86_64-linux-gnu/6/../../../x86_64-linux-gnu/Scrt1.o

.rela.plt       0x0000000000000600        0x0
 *(.rela.plt)
 .rela.plt      0x0000000000000600        0x0 /usr/lib/gcc/x86_64-linux-gnu/6/../../../x86_64-linux-gnu/Scrt1.o
                [!provide]                        PROVIDE (__rela_iplt_start, .)
 *(.rela.iplt)
                [!provide]                        PROVIDE (__rela_iplt_end, .)

.init           0x0000000000000600       0x17
 *(SORT(.init))
 .init          0x0000000000000600       0x12 /usr/lib/gcc/x86_64-linux-gnu/6/../../../x86_64-linux-gnu/crti.o
                0x0000000000000600                _init
 .init          0x0000000000000612        0x5 /usr/lib/gcc/x86_64-linux-gnu/6/../../../x86_64-linux-gnu/crtn.o

.plt            0x0000000000000620       0x10
 *(.plt)
 .plt           0x0000000000000620       0x10 /usr/lib/gcc/x86_64-linux-gnu/6/../../../x86_64-linux-gnu/Scrt1.o
 *(.iplt)

.plt.got        0x0000000000000630       0x28
 *(.plt.got)
 .plt.got       0x0000000000000630       0x28 /usr/lib/gcc/x86_64-linux-gnu/6/../../../x86_64-linux-gnu/Scrt1.o

.plt.bnd
 *(.plt.bnd)

.text           0x0000000000000660      0xcf2
 *(.text.unlikely .text.*_unlikely .text.unlikely.*)
 *(.text.exit .text.exit.*)
 *(.text.startup .text.startup.*)
 *(.text.hot .text.hot.*)
 *(.text .stub .text.* .gnu.linkonce.t.*)
 .text          0x0000000000000660       0x2b /usr/lib/gcc/x86_64-linux-gnu/6/../../../x86_64-linux-gnu/Scrt1.o
                0x0000000000000660                _start
 .text          0x000000000000068b        0x0 /usr/lib/gcc/x86_64-linux-gnu/6/../../../x86_64-linux-gnu/crti.o
 *fill*         0x000000000000068b        0x5 
 .text          0x0000000000000690      0x100 /usr/lib/gcc/x86_64-linux-gnu/6/crtbeginS.o
 .text          0x0000000000000790       0x91 main.o
                0x0000000000000790                main
 .text          0x0000000000000821      0x1b1 project2.o
                0x0000000000000821                project2
 .text          0x00000000000009d2      0x2b6 memory.o
                0x00000000000009d2                my_memmove
                0x0000000000000aa1                my_memcpy
                0x0000000000000b02                my_memset
                0x0000000000000b58                my_memzero
                0x0000000000000ba6                my_reverse
                0x0000000000000c47                reserve_words
                0x0000000000000c6d                free_words
 .text          0x0000000000000c88      0x317 conversion.o
                0x0000000000000c88                my_itoa
                0x0000000000000dde                my_atoi
                0x0000000000000ea7                big_to_little32
                0x0000000000000f23                little_to_big32
 .text          0x0000000000000f9f      0x2f8 circbuf.o
                0x0000000000000f9f                CB_init
                0x0000000000001011                CB_buffer_add_item
                0x00000000000010c2                CB_buffer_remove_item
                0x0000000000001157                CB_is_full
                0x000000000000118f                CB_is_empty
                0x00000000000011bf                CB_peek
                0x0000000000001269                CB_destroy
 .text          0x0000000000001297       0x40 uart.o
                0x0000000000001297                add_to_buffer
 *fill*         0x00000000000012d7        0x9 
 .text          0x00000000000012e0       0x72 /usr/lib/x86_64-linux-gnu/libc_nonshared.a(elf-init.oS)
                0x00000000000012e0                __libc_csu_init
                0x0000000000001350                __libc_csu_fini
 .text          0x0000000000001352        0x0 /usr/lib/gcc/x86_64-linux-gnu/6/crtendS.o
 .text          0x0000000000001352        0x0 /usr/lib/gcc/x86_64-linux-gnu/6/../../../x86_64-linux-gnu/crtn.o
 *(.gnu.warning)

.fini           0x0000000000001354        0x9
 *(SORT(.fini))
 .fini          0x0000000000001354        0x4 /usr/lib/gcc/x86_64-linux-gnu/6/../../../x86_64-linux-gnu/crti.o
                0x0000000000001354                _fini
 .fini          0x0000000000001358        0x5 /usr/lib/gcc/x86_64-linux-gnu/6/../../../x86_64-linux-gnu/crtn.o
                [!provide]                        PROVIDE (__etext, .)
                [!provide]                        PROVIDE (_etext, .)
                [!provide]                        PROVIDE (etext, .)

.rodata         0x0000000000001360       0x70
 *(.rodata .rodata.* .gnu.linkonce.r.*)
 .rodata.cst4   0x0000000000001360        0x4 /usr/lib/gcc/x86_64-linux-gnu/6/../../../x86_64-linux-gnu/Scrt1.o
                0x0000000000001360                _IO_stdin_used
 .rodata        0x0000000000001364        0x3 main.o
 *fill*         0x0000000000001367        0x1 
 .rodata        0x0000000000001368       0x68 project2.o

.rodata1
 *(.rodata1)

.eh_frame_hdr   0x00000000000013d0       0xdc
 *(.eh_frame_hdr)
 .eh_frame_hdr  0x00000000000013d0       0xdc /usr/lib/gcc/x86_64-linux-gnu/6/../../../x86_64-linux-gnu/Scrt1.o
                0x00000000000013d0                __GNU_EH_FRAME_HDR
 *(.eh_frame_entry .eh_frame_entry.*)

.eh_frame       0x00000000000014b0      0x38c
 *(.eh_frame)
 .eh_frame      0x00000000000014b0       0x30 /usr/lib/gcc/x86_64-linux-gnu/6/../../../x86_64-linux-gnu/Scrt1.o
 .eh_frame      0x00000000000014e0       0x40 /usr/lib/gcc/x86_64-linux-gnu/6/../../../x86_64-linux-gnu/Scrt1.o
 .eh_frame      0x0000000000001520       0x18 /usr/lib/gcc/x86_64-linux-gnu/6/../../../x86_64-linux-gnu/Scrt1.o
                                         0x30 (size before relaxing)
 .eh_frame      0x0000000000001538       0x20 main.o
                                         0x38 (size before relaxing)
 .eh_frame      0x0000000000001558       0x20 project2.o
                                         0x38 (size before relaxing)
 .eh_frame      0x0000000000001578       0xe0 memory.o
                                         0xf8 (size before relaxing)
 .eh_frame      0x0000000000001658       0x80 conversion.o
                                         0x98 (size before relaxing)
 .eh_frame      0x00000000000016d8       0xe0 circbuf.o
                                         0xf8 (size before relaxing)
 .eh_frame      0x00000000000017b8       0x20 uart.o
                                         0x38 (size before relaxing)
 .eh_frame      0x00000000000017d8       0x60 /usr/lib/x86_64-linux-gnu/libc_nonshared.a(elf-init.oS)
                                         0x78 (size before relaxing)
 .eh_frame      0x0000000000001838        0x4 /usr/lib/gcc/x86_64-linux-gnu/6/crtendS.o
 *(.eh_frame.*)

.gcc_except_table
 *(.gcc_except_table .gcc_except_table.*)

.gnu_extab
 *(.gnu_extab*)

.exception_ranges
 *(.exception_ranges .exception_ranges*)
                0x0000000000201dc0                . = DATA_SEGMENT_ALIGN (CONSTANT (MAXPAGESIZE), CONSTANT (COMMONPAGESIZE))

.eh_frame
 *(.eh_frame)
 *(.eh_frame.*)

.gnu_extab
 *(.gnu_extab)

.gcc_except_table
 *(.gcc_except_table .gcc_except_table.*)

.exception_ranges
 *(.exception_ranges .exception_ranges*)

.tdata
 *(.tdata .tdata.* .gnu.linkonce.td.*)

.tbss
 *(.tbss .tbss.* .gnu.linkonce.tb.*)
 *(.tcommon)

.preinit_array  0x0000000000201dc0        0x0
                [!provide]                        PROVIDE (__preinit_array_start, .)
 *(.preinit_array)
                [!provide]                        PROVIDE (__preinit_array_end, .)

.init_array     0x0000000000201dc0        0x8
                0x0000000000201dc0                PROVIDE (__init_array_start, .)
 *(SORT(.init_array.*) SORT(.ctors.*))
 *(.init_array EXCLUDE_FILE(*crtend?.o *crtend.o *crtbegin?.o *crtbegin.o) .ctors)
 .init_array    0x0000000000201dc0        0x8 /usr/lib/gcc/x86_64-linux-gnu/6/crtbeginS.o
                0x0000000000201dc8                PROVIDE (__init_array_end, .)

.fini_array     0x0000000000201dc8        0x8
                [!provide]                        PROVIDE (__fini_array_start, .)
 *(SORT(.fini_array.*) SORT(.dtors.*))
 *(.fini_array EXCLUDE_FILE(*crtend?.o *crtend.o *crtbegin?.o *crtbegin.o) .dtors)
 .fini_array    0x0000000000201dc8        0x8 /usr/lib/gcc/x86_64-linux-gnu/6/crtbeginS.o
                [!provide]                        PROVIDE (__fini_array_end, .)

.ctors
 *crtbegin.o(.ctors)
 *crtbegin?.o(.ctors)
 *(EXCLUDE_FILE(*crtend?.o *crtend.o) .ctors)
 *(SORT(.ctors.*))
 *(.ctors)

.dtors
 *crtbegin.o(.dtors)
 *crtbegin?.o(.dtors)
 *(EXCLUDE_FILE(*crtend?.o *crtend.o) .dtors)
 *(SORT(.dtors.*))
 *(.dtors)

.jcr            0x0000000000201dd0        0x8
 *(.jcr)
 .jcr           0x0000000000201dd0        0x0 /usr/lib/gcc/x86_64-linux-gnu/6/crtbeginS.o
 .jcr           0x0000000000201dd0        0x8 /usr/lib/gcc/x86_64-linux-gnu/6/crtendS.o

.data.rel.ro    0x0000000000201dd8        0x0
 *(.data.rel.ro.local* .gnu.linkonce.d.rel.ro.local.*)
 *(.data.rel.ro .data.rel.ro.* .gnu.linkonce.d.rel.ro.*)
 .data.rel.ro   0x0000000000201dd8        0x0 /usr/lib/gcc/x86_64-linux-gnu/6/../../../x86_64-linux-gnu/Scrt1.o

.dynamic        0x0000000000201dd8      0x1c0
 *(.dynamic)
 .dynamic       0x0000000000201dd8      0x1c0 /usr/lib/gcc/x86_64-linux-gnu/6/../../../x86_64-linux-gnu/Scrt1.o
                0x0000000000201dd8                _DYNAMIC

.got            0x0000000000201f98       0x68
 *(.got.plt)
 .got.plt       0x0000000000201f98       0x18 /usr/lib/gcc/x86_64-linux-gnu/6/../../../x86_64-linux-gnu/Scrt1.o
                0x0000000000201f98                _GLOBAL_OFFSET_TABLE_
 *(.igot.plt)
 *(.got)
 .got           0x0000000000201fb0       0x50 /usr/lib/gcc/x86_64-linux-gnu/6/../../../x86_64-linux-gnu/Scrt1.o
 *(.igot)
                0x0000000000202000                . = DATA_SEGMENT_RELRO_END (., 0x0)

.data           0x0000000000202000       0x10
 *(.data .data.* .gnu.linkonce.d.*)
 .data          0x0000000000202000        0x4 /usr/lib/gcc/x86_64-linux-gnu/6/../../../x86_64-linux-gnu/Scrt1.o
                0x0000000000202000                data_start
                0x0000000000202000                __data_start
 .data          0x0000000000202004        0x0 /usr/lib/gcc/x86_64-linux-gnu/6/../../../x86_64-linux-gnu/crti.o
 .data          0x0000000000202004        0x0 /usr/lib/gcc/x86_64-linux-gnu/6/crtbeginS.o
 *fill*         0x0000000000202004        0x4 
 .data.rel.local
                0x0000000000202008        0x8 /usr/lib/gcc/x86_64-linux-gnu/6/crtbeginS.o
                0x0000000000202008                __dso_handle
 .data          0x0000000000202010        0x0 main.o
 .data          0x0000000000202010        0x0 project2.o
 .data          0x0000000000202010        0x0 memory.o
 .data          0x0000000000202010        0x0 conversion.o
 .data          0x0000000000202010        0x0 circbuf.o
 .data          0x0000000000202010        0x0 uart.o
 .data          0x0000000000202010        0x0 /usr/lib/x86_64-linux-gnu/libc_nonshared.a(elf-init.oS)
 .data          0x0000000000202010        0x0 /usr/lib/gcc/x86_64-linux-gnu/6/crtendS.o
 .data          0x0000000000202010        0x0 /usr/lib/gcc/x86_64-linux-gnu/6/../../../x86_64-linux-gnu/crtn.o

.tm_clone_table
                0x0000000000202010        0x0
 .tm_clone_table
                0x0000000000202010        0x0 /usr/lib/gcc/x86_64-linux-gnu/6/crtbeginS.o
 .tm_clone_table
                0x0000000000202010        0x0 /usr/lib/gcc/x86_64-linux-gnu/6/crtendS.o

.data1
 *(.data1)
                0x0000000000202010                _edata = .
                [!provide]                        PROVIDE (edata, .)
                0x0000000000202010                . = .
                0x0000000000202010                __bss_start = .

.bss            0x0000000000202010       0x30
 *(.dynbss)
 .dynbss        0x0000000000202010        0x0 /usr/lib/gcc/x86_64-linux-gnu/6/../../../x86_64-linux-gnu/Scrt1.o
 *(.bss .bss.* .gnu.linkonce.b.*)
 .bss           0x0000000000202010        0x0 /usr/lib/gcc/x86_64-linux-gnu/6/../../../x86_64-linux-gnu/Scrt1.o
 .bss           0x0000000000202010        0x0 /usr/lib/gcc/x86_64-linux-gnu/6/../../../x86_64-linux-gnu/crti.o
 .bss           0x0000000000202010        0x1 /usr/lib/gcc/x86_64-linux-gnu/6/crtbeginS.o
 .bss           0x0000000000202011        0x0 main.o
 *fill*         0x0000000000202011        0x3 
 .bss           0x0000000000202014       0x14 project2.o
                0x0000000000202014                alpha_Count
                0x0000000000202018                num_Count
                0x000000000020201c                punc_Count
                0x0000000000202020                misc_Count
                0x0000000000202024                rec_DataCount
 .bss           0x0000000000202028        0x0 memory.o
 .bss           0x0000000000202028        0x0 conversion.o
 .bss           0x0000000000202028        0x0 circbuf.o
 .bss           0x0000000000202028        0x1 uart.o
                0x0000000000202028                recflag
 .bss           0x0000000000202029        0x0 /usr/lib/x86_64-linux-gnu/libc_nonshared.a(elf-init.oS)
 .bss           0x0000000000202029        0x0 /usr/lib/gcc/x86_64-linux-gnu/6/crtendS.o
 .bss           0x0000000000202029        0x0 /usr/lib/gcc/x86_64-linux-gnu/6/../../../x86_64-linux-gnu/crtn.o
 *(COMMON)
 *fill*         0x0000000000202029        0x7 
 COMMON         0x0000000000202030       0x10 uart.o
                0x0000000000202030                recbuf
                0x0000000000202038                transbuf
                0x0000000000202040                . = ALIGN ((. != 0x0)?0x8:0x1)

.lbss
 *(.dynlbss)
 *(.lbss .lbss.* .gnu.linkonce.lb.*)
 *(LARGE_COMMON)
                0x0000000000202040                . = ALIGN (0x8)
                0x0000000000202040                . = SEGMENT_START ("ldata-segment", .)

.lrodata
 *(.lrodata .lrodata.* .gnu.linkonce.lr.*)

.ldata          0x0000000000602040        0x0
 *(.ldata .ldata.* .gnu.linkonce.l.*)
                0x0000000000602040                . = ALIGN ((. != 0x0)?0x8:0x1)
                0x0000000000602040                . = ALIGN (0x8)
                0x0000000000602040                _end = .
                [!provide]                        PROVIDE (end, .)
                0x0000000000602040                . = DATA_SEGMENT_END (.)

.stab
 *(.stab)

.stabstr
 *(.stabstr)

.stab.excl
 *(.stab.excl)

.stab.exclstr
 *(.stab.exclstr)

.stab.index
 *(.stab.index)

.stab.indexstr
 *(.stab.indexstr)

.comment        0x0000000000000000       0x2d
 *(.comment)
 .comment       0x0000000000000000       0x2d /usr/lib/gcc/x86_64-linux-gnu/6/crtbeginS.o
                                         0x2e (size before relaxing)
 .comment       0x000000000000002d       0x2e main.o
 .comment       0x000000000000002d       0x2e project2.o
 .comment       0x000000000000002d       0x2e memory.o
 .comment       0x000000000000002d       0x2e conversion.o
 .comment       0x000000000000002d       0x2e circbuf.o
 .comment       0x000000000000002d       0x2e uart.o
 .comment       0x000000000000002d       0x2e /usr/lib/gcc/x86_64-linux-gnu/6/crtendS.o

.debug
 *(.debug)

.line
 *(.line)

.debug_srcinfo
 *(.debug_srcinfo)

.debug_sfnames
 *(.debug_sfnames)

.debug_aranges  0x0000000000000000      0x120
 *(.debug_aranges)
 .debug_aranges
                0x0000000000000000       0x30 main.o
 .debug_aranges
                0x0000000000000030       0x30 project2.o
 .debug_aranges
                0x0000000000000060       0x30 memory.o
 .debug_aranges
                0x0000000000000090       0x30 conversion.o
 .debug_aranges
                0x00000000000000c0       0x30 circbuf.o
 .debug_aranges
                0x00000000000000f0       0x30 uart.o

.debug_pubnames
 *(.debug_pubnames)

.debug_info     0x0000000000000000     0x1c7f
 *(.debug_info .gnu.linkonce.wi.*)
 .debug_info    0x0000000000000000      0x424 main.o
 .debug_info    0x0000000000000424      0x471 project2.o
 .debug_info    0x0000000000000895      0x538 memory.o
 .debug_info    0x0000000000000dcd      0x531 conversion.o
 .debug_info    0x00000000000012fe      0x551 circbuf.o
 .debug_info    0x000000000000184f      0x430 uart.o

.debug_abbrev   0x0000000000000000      0x7a6
 *(.debug_abbrev)
 .debug_abbrev  0x0000000000000000      0x11e main.o
 .debug_abbrev  0x000000000000011e      0x126 project2.o
 .debug_abbrev  0x0000000000000244      0x17e memory.o
 .debug_abbrev  0x00000000000003c2      0x148 conversion.o
 .debug_abbrev  0x000000000000050a      0x174 circbuf.o
 .debug_abbrev  0x000000000000067e      0x128 uart.o

.debug_line     0x0000000000000000      0x7e0
 *(.debug_line .debug_line.* .debug_line_end)
 .debug_line    0x0000000000000000      0x10e main.o
 .debug_line    0x000000000000010e      0x158 project2.o
 .debug_line    0x0000000000000266      0x1b8 memory.o
 .debug_line    0x000000000000041e      0x18a conversion.o
 .debug_line    0x00000000000005a8      0x145 circbuf.o
 .debug_line    0x00000000000006ed       0xf3 uart.o

.debug_frame
 *(.debug_frame)

.debug_str      0x0000000000000000      0x578
 *(.debug_str)
 .debug_str     0x0000000000000000      0x381 main.o
                                        0x3ca (size before relaxing)
 .debug_str     0x0000000000000381       0x60 project2.o
                                        0x415 (size before relaxing)
 .debug_str     0x00000000000003e1       0x97 memory.o
                                        0x398 (size before relaxing)
 .debug_str     0x0000000000000478       0x75 conversion.o
                                        0x3ab (size before relaxing)
 .debug_str     0x00000000000004ed       0x6e circbuf.o
                                        0x419 (size before relaxing)
 .debug_str     0x000000000000055b       0x1d uart.o
                                        0x3db (size before relaxing)

.debug_loc
 *(.debug_loc)

.debug_macinfo
 *(.debug_macinfo)

.debug_weaknames
 *(.debug_weaknames)

.debug_funcnames
 *(.debug_funcnames)

.debug_typenames
 *(.debug_typenames)

.debug_varnames
 *(.debug_varnames)

.debug_pubtypes
 *(.debug_pubtypes)

.debug_ranges
 *(.debug_ranges)

.debug_macro
 *(.debug_macro)

.debug_addr
 *(.debug_addr)

.gnu.attributes
 *(.gnu.attributes)

/DISCARD/
 *(.note.GNU-stack)
 *(.gnu_debuglink)
 *(.gnu.lto_*)
OUTPUT(Project2.elf elf64-x86-64)
