Archive member included to satisfy reference by file (symbol)

/usr/lib/gcc/arm-none-eabi/5.4.1/../../../arm-none-eabi/lib/libg.a(lib_a-atexit.o)
                              /usr/lib/gcc/arm-none-eabi/5.4.1/../../../arm-none-eabi/lib/crt0.o (atexit)
/usr/lib/gcc/arm-none-eabi/5.4.1/../../../arm-none-eabi/lib/libg.a(lib_a-exit.o)
                              /usr/lib/gcc/arm-none-eabi/5.4.1/../../../arm-none-eabi/lib/crt0.o (exit)
/usr/lib/gcc/arm-none-eabi/5.4.1/../../../arm-none-eabi/lib/libg.a(lib_a-fini.o)
                              /usr/lib/gcc/arm-none-eabi/5.4.1/../../../arm-none-eabi/lib/crt0.o (__libc_fini_array)
/usr/lib/gcc/arm-none-eabi/5.4.1/../../../arm-none-eabi/lib/libg.a(lib_a-impure.o)
                              /usr/lib/gcc/arm-none-eabi/5.4.1/../../../arm-none-eabi/lib/libg.a(lib_a-exit.o) (_global_impure_ptr)
/usr/lib/gcc/arm-none-eabi/5.4.1/../../../arm-none-eabi/lib/libg.a(lib_a-init.o)
                              /usr/lib/gcc/arm-none-eabi/5.4.1/../../../arm-none-eabi/lib/crt0.o (__libc_init_array)
/usr/lib/gcc/arm-none-eabi/5.4.1/../../../arm-none-eabi/lib/libg.a(lib_a-memset.o)
                              /usr/lib/gcc/arm-none-eabi/5.4.1/../../../arm-none-eabi/lib/crt0.o (memset)
/usr/lib/gcc/arm-none-eabi/5.4.1/../../../arm-none-eabi/lib/libg.a(lib_a-__atexit.o)
                              /usr/lib/gcc/arm-none-eabi/5.4.1/../../../arm-none-eabi/lib/libg.a(lib_a-atexit.o) (__register_exitproc)
/usr/lib/gcc/arm-none-eabi/5.4.1/../../../arm-none-eabi/lib/libg.a(lib_a-__call_atexit.o)
                              /usr/lib/gcc/arm-none-eabi/5.4.1/../../../arm-none-eabi/lib/libg.a(lib_a-exit.o) (__call_exitprocs)
/usr/lib/gcc/arm-none-eabi/5.4.1/../../../arm-none-eabi/lib/libnosys.a(_exit.o)
                              /usr/lib/gcc/arm-none-eabi/5.4.1/../../../arm-none-eabi/lib/libg.a(lib_a-exit.o) (_exit)

Memory Configuration

Name             Origin             Length             Attributes
m_interrupts     0x0000000000000000 0x0000000000000100 xr
m_flash_config   0x0000000000000400 0x0000000000000010 xr
m_text           0x0000000000000410 0x000000000001fbf0 xr
m_data           0x000000001ffff000 0x0000000000004000 rw
*default*        0x0000000000000000 0xffffffffffffffff

Linker script and memory map

LOAD /usr/lib/gcc/arm-none-eabi/5.4.1/crti.o
LOAD /usr/lib/gcc/arm-none-eabi/5.4.1/crtbegin.o
LOAD /usr/lib/gcc/arm-none-eabi/5.4.1/../../../arm-none-eabi/lib/crt0.o
LOAD /tmp/ccKaCuVf.o
START GROUP
LOAD /usr/lib/gcc/arm-none-eabi/5.4.1/libgcc.a
LOAD /usr/lib/gcc/arm-none-eabi/5.4.1/../../../arm-none-eabi/lib/libg.a
LOAD /usr/lib/gcc/arm-none-eabi/5.4.1/../../../arm-none-eabi/lib/libc.a
END GROUP
START GROUP
LOAD /usr/lib/gcc/arm-none-eabi/5.4.1/libgcc.a
LOAD /usr/lib/gcc/arm-none-eabi/5.4.1/../../../arm-none-eabi/lib/libc.a
LOAD /usr/lib/gcc/arm-none-eabi/5.4.1/../../../arm-none-eabi/lib/libnosys.a
END GROUP
LOAD /usr/lib/gcc/arm-none-eabi/5.4.1/crtend.o
LOAD /usr/lib/gcc/arm-none-eabi/5.4.1/crtn.o
                0x0000000000000400                HEAP_SIZE = DEFINED (__heap_size__)?__heap_size__:0x400
                0x0000000000000400                STACK_SIZE = DEFINED (__stack_size__)?__stack_size__:0x400
                0x0000000000000200                BUFFER_SIZE = DEFINED (__buffer_size__)?__stack_size__:0x200

.interrupts     0x0000000000000000        0x0
                0x0000000000000000                __VECTOR_TABLE = .
                0x0000000000000000                . = ALIGN (0x4)
 *(.isr_vector)
                0x0000000000000000                . = ALIGN (0x4)

.flash_config   0x0000000000000400        0x0
                0x0000000000000400                . = ALIGN (0x4)
 *(.FlashConfig)
                0x0000000000000400                . = ALIGN (0x4)

.text           0x0000000000000410      0x6f8
                0x0000000000000410                . = ALIGN (0x4)
 *(.text)
 .text          0x0000000000000410        0x0 /usr/lib/gcc/arm-none-eabi/5.4.1/crti.o
 .text          0x0000000000000410      0x108 /usr/lib/gcc/arm-none-eabi/5.4.1/crtbegin.o
 .text          0x0000000000000518      0x104 /usr/lib/gcc/arm-none-eabi/5.4.1/../../../arm-none-eabi/lib/crt0.o
                0x0000000000000518                _mainCRTStartup
                0x0000000000000518                _start
 .text          0x000000000000061c       0x18 /tmp/ccKaCuVf.o
                0x000000000000061c                main
 .text          0x0000000000000634       0x20 /usr/lib/gcc/arm-none-eabi/5.4.1/../../../arm-none-eabi/lib/libg.a(lib_a-atexit.o)
                0x0000000000000634                atexit
 .text          0x0000000000000654       0x34 /usr/lib/gcc/arm-none-eabi/5.4.1/../../../arm-none-eabi/lib/libg.a(lib_a-exit.o)
                0x0000000000000654                exit
 .text          0x0000000000000688       0x44 /usr/lib/gcc/arm-none-eabi/5.4.1/../../../arm-none-eabi/lib/libg.a(lib_a-fini.o)
                0x0000000000000688                __libc_fini_array
 .text          0x00000000000006cc        0x0 /usr/lib/gcc/arm-none-eabi/5.4.1/../../../arm-none-eabi/lib/libg.a(lib_a-impure.o)
 .text          0x00000000000006cc       0x80 /usr/lib/gcc/arm-none-eabi/5.4.1/../../../arm-none-eabi/lib/libg.a(lib_a-init.o)
                0x00000000000006cc                __libc_init_array
 .text          0x000000000000074c       0xf4 /usr/lib/gcc/arm-none-eabi/5.4.1/../../../arm-none-eabi/lib/libg.a(lib_a-memset.o)
                0x000000000000074c                memset
 .text          0x0000000000000840       0xe0 /usr/lib/gcc/arm-none-eabi/5.4.1/../../../arm-none-eabi/lib/libg.a(lib_a-__atexit.o)
                0x0000000000000840                __register_exitproc
 .text          0x0000000000000920      0x170 /usr/lib/gcc/arm-none-eabi/5.4.1/../../../arm-none-eabi/lib/libg.a(lib_a-__call_atexit.o)
                0x0000000000000920                __call_exitprocs
 .text          0x0000000000000a90        0x4 /usr/lib/gcc/arm-none-eabi/5.4.1/../../../arm-none-eabi/lib/libnosys.a(_exit.o)
                0x0000000000000a90                _exit
 .text          0x0000000000000a94        0x0 /usr/lib/gcc/arm-none-eabi/5.4.1/crtend.o
 .text          0x0000000000000a94        0x0 /usr/lib/gcc/arm-none-eabi/5.4.1/crtn.o
 *(.text*)
 .text.startup  0x0000000000000a94       0x28 /usr/lib/gcc/arm-none-eabi/5.4.1/../../../arm-none-eabi/lib/libg.a(lib_a-__call_atexit.o)
 *(.rodata)
 .rodata        0x0000000000000abc        0x4 /usr/lib/gcc/arm-none-eabi/5.4.1/../../../arm-none-eabi/lib/libg.a(lib_a-impure.o)
                0x0000000000000abc                _global_impure_ptr
 *(.rodata*)
 .rodata.str1.4
                0x0000000000000ac0        0x4 /usr/lib/gcc/arm-none-eabi/5.4.1/../../../arm-none-eabi/lib/libg.a(lib_a-impure.o)
                                          0x2 (size before relaxing)
 *(.glue_7)
 .glue_7        0x0000000000000ac4        0x0 linker stubs
 *(.glue_7t)
 .glue_7t       0x0000000000000ac4        0x0 linker stubs
 *(.eh_frame)
 .eh_frame      0x0000000000000ac4        0x0 /usr/lib/gcc/arm-none-eabi/5.4.1/crtbegin.o
 .eh_frame      0x0000000000000ac4        0x4 /usr/lib/gcc/arm-none-eabi/5.4.1/crtend.o
 *(.init)
 .init          0x0000000000000ac8        0xc /usr/lib/gcc/arm-none-eabi/5.4.1/crti.o
                0x0000000000000ac8                _init
 .init          0x0000000000000ad4        0xc /usr/lib/gcc/arm-none-eabi/5.4.1/crtn.o
 *(.fini)
 .fini          0x0000000000000ae0        0xc /usr/lib/gcc/arm-none-eabi/5.4.1/crti.o
                0x0000000000000ae0                _fini
 .fini          0x0000000000000aec        0xc /usr/lib/gcc/arm-none-eabi/5.4.1/crtn.o
 .fini.__stub   0x0000000000000af8        0xc linker stubs
                0x0000000000000b04                . = ALIGN (0x4)

.vfp11_veneer   0x0000000000000b08        0x0
 .vfp11_veneer  0x0000000000000b08        0x0 linker stubs

.v4_bx          0x0000000000000b08        0x0
 .v4_bx         0x0000000000000b08        0x0 linker stubs

.iplt           0x0000000000000b08        0x0
 .iplt          0x0000000000000b08        0x0 /usr/lib/gcc/arm-none-eabi/5.4.1/crtbegin.o

.ARM.extab      0x0000000000000b08        0x0
 *(.ARM.extab* .gnu.linkonce.armextab.*)
 .ARM.extab     0x0000000000000b08        0x0 /usr/lib/gcc/arm-none-eabi/5.4.1/../../../arm-none-eabi/lib/crt0.o

.ARM            0x0000000000000b08        0x8
                0x0000000000000b08                __exidx_start = .
 *(.ARM.exidx*)
 .ARM.exidx     0x0000000000000b08        0x8 /usr/lib/gcc/arm-none-eabi/5.4.1/../../../arm-none-eabi/lib/crt0.o
                0x0000000000000b10                __exidx_end = .

.rel.dyn        0x0000000000000b10        0x0
 .rel.iplt      0x0000000000000b10        0x0 /usr/lib/gcc/arm-none-eabi/5.4.1/crtbegin.o

.ctors          0x0000000000000b10        0x0
                0x0000000000000b10                __CTOR_LIST__ = .
 *crtbegin.o(.ctors)
 *crtbegin?.o(.ctors)
 *(EXCLUDE_FILE(*crtend.o *crtend?.o) .ctors)
 *(SORT(.ctors.*))
 *(.ctors)
                0x0000000000000b10                __CTOR_END__ = .

.dtors          0x0000000000000b10        0x0
                0x0000000000000b10                __DTOR_LIST__ = .
 *crtbegin.o(.dtors)
 *crtbegin?.o(.dtors)
 *(EXCLUDE_FILE(*crtend.o *crtend?.o) .dtors)
 *(SORT(.dtors.*))
 *(.dtors)
                0x0000000000000b10                __DTOR_END__ = .

.preinit_array  0x0000000000000b10        0x0
                0x0000000000000b10                PROVIDE (__preinit_array_start, .)
 *(.preinit_array*)
                0x0000000000000b10                PROVIDE (__preinit_array_end, .)

.init_array     0x0000000000000b10        0x8
                0x0000000000000b10                PROVIDE (__init_array_start, .)
 *(SORT(.init_array.*))
 .init_array.00000
                0x0000000000000b10        0x4 /usr/lib/gcc/arm-none-eabi/5.4.1/../../../arm-none-eabi/lib/libg.a(lib_a-__call_atexit.o)
 *(.init_array*)
 .init_array    0x0000000000000b14        0x4 /usr/lib/gcc/arm-none-eabi/5.4.1/crtbegin.o
                0x0000000000000b18                PROVIDE (__init_array_end, .)

.fini_array     0x0000000000000b18        0x4
                0x0000000000000b18                PROVIDE (__fini_array_start, .)
 *(SORT(.fini_array.*))
 *(.fini_array*)
 .fini_array    0x0000000000000b18        0x4 /usr/lib/gcc/arm-none-eabi/5.4.1/crtbegin.o
                0x0000000000000b1c                PROVIDE (__fini_array_end, .)
                0x0000000000000b1c                __etext = .
                0x0000000000000b1c                __DATA_ROM = .

.mtb            0x000000001ffff000        0x0
                0x000000001ffff000                . = ALIGN (0x8)
                0x000000001ffff000                _mtb_start = .
 *(.mtb_buf)
                0x000000001ffff000                . = ALIGN (0x8)
                0x000000001ffff000                _mtb_end = .

.data           0x000000001ffff000      0x43c load address 0x0000000000000b1c
                0x000000001ffff000                . = ALIGN (0x4)
                0x000000001ffff000                __DATA_RAM = .
                0x000000001ffff000                __data_start__ = .
 *(.data)
 .data          0x000000001ffff000        0x0 /usr/lib/gcc/arm-none-eabi/5.4.1/crti.o
 .data          0x000000001ffff000        0x4 /usr/lib/gcc/arm-none-eabi/5.4.1/crtbegin.o
                0x000000001ffff000                __dso_handle
 .data          0x000000001ffff004        0x0 /usr/lib/gcc/arm-none-eabi/5.4.1/../../../arm-none-eabi/lib/crt0.o
 .data          0x000000001ffff004        0x0 /tmp/ccKaCuVf.o
 .data          0x000000001ffff004        0x0 /usr/lib/gcc/arm-none-eabi/5.4.1/../../../arm-none-eabi/lib/libg.a(lib_a-atexit.o)
 .data          0x000000001ffff004        0x0 /usr/lib/gcc/arm-none-eabi/5.4.1/../../../arm-none-eabi/lib/libg.a(lib_a-exit.o)
 .data          0x000000001ffff004        0x0 /usr/lib/gcc/arm-none-eabi/5.4.1/../../../arm-none-eabi/lib/libg.a(lib_a-fini.o)
 *fill*         0x000000001ffff004        0x4 
 .data          0x000000001ffff008      0x430 /usr/lib/gcc/arm-none-eabi/5.4.1/../../../arm-none-eabi/lib/libg.a(lib_a-impure.o)
                0x000000001ffff008                _impure_ptr
 .data          0x000000001ffff438        0x0 /usr/lib/gcc/arm-none-eabi/5.4.1/../../../arm-none-eabi/lib/libg.a(lib_a-init.o)
 .data          0x000000001ffff438        0x0 /usr/lib/gcc/arm-none-eabi/5.4.1/../../../arm-none-eabi/lib/libg.a(lib_a-memset.o)
 .data          0x000000001ffff438        0x0 /usr/lib/gcc/arm-none-eabi/5.4.1/../../../arm-none-eabi/lib/libg.a(lib_a-__atexit.o)
 .data          0x000000001ffff438        0x0 /usr/lib/gcc/arm-none-eabi/5.4.1/../../../arm-none-eabi/lib/libg.a(lib_a-__call_atexit.o)
 .data          0x000000001ffff438        0x0 /usr/lib/gcc/arm-none-eabi/5.4.1/../../../arm-none-eabi/lib/libnosys.a(_exit.o)
 .data          0x000000001ffff438        0x0 /usr/lib/gcc/arm-none-eabi/5.4.1/crtend.o
 .data          0x000000001ffff438        0x0 /usr/lib/gcc/arm-none-eabi/5.4.1/crtn.o
 *(.data*)
 *(.jcr*)
 .jcr           0x000000001ffff438        0x0 /usr/lib/gcc/arm-none-eabi/5.4.1/crtbegin.o
 .jcr           0x000000001ffff438        0x4 /usr/lib/gcc/arm-none-eabi/5.4.1/crtend.o
                0x000000001ffff43c                . = ALIGN (0x4)
                0x000000001ffff43c                __data_end__ = .
                0x0000000000000f58                __DATA_END = (__DATA_ROM + (__data_end__ - __data_start__))

.tm_clone_table
                0x000000001ffff43c        0x0 load address 0x0000000000000f58
 .tm_clone_table
                0x000000001ffff43c        0x0 /usr/lib/gcc/arm-none-eabi/5.4.1/crtbegin.o
 .tm_clone_table
                0x000000001ffff43c        0x0 /usr/lib/gcc/arm-none-eabi/5.4.1/crtend.o

.igot.plt       0x000000001ffff43c        0x0 load address 0x0000000000000f58
 .igot.plt      0x000000001ffff43c        0x0 /usr/lib/gcc/arm-none-eabi/5.4.1/crtbegin.o

.bss            0x000000001ffff43c       0x1c load address 0x0000000000000f58
                0x000000001ffff43c                . = ALIGN (0x4)
                0x000000001ffff43c                __START_BSS = .
                0x000000001ffff43c                __bss_start__ = .
 *(.bss)
 .bss           0x000000001ffff43c        0x0 /usr/lib/gcc/arm-none-eabi/5.4.1/crti.o
 .bss           0x000000001ffff43c       0x1c /usr/lib/gcc/arm-none-eabi/5.4.1/crtbegin.o
 .bss           0x000000001ffff458        0x0 /usr/lib/gcc/arm-none-eabi/5.4.1/../../../arm-none-eabi/lib/crt0.o
 .bss           0x000000001ffff458        0x0 /tmp/ccKaCuVf.o
 .bss           0x000000001ffff458        0x0 /usr/lib/gcc/arm-none-eabi/5.4.1/../../../arm-none-eabi/lib/libg.a(lib_a-atexit.o)
 .bss           0x000000001ffff458        0x0 /usr/lib/gcc/arm-none-eabi/5.4.1/../../../arm-none-eabi/lib/libg.a(lib_a-exit.o)
 .bss           0x000000001ffff458        0x0 /usr/lib/gcc/arm-none-eabi/5.4.1/../../../arm-none-eabi/lib/libg.a(lib_a-fini.o)
 .bss           0x000000001ffff458        0x0 /usr/lib/gcc/arm-none-eabi/5.4.1/../../../arm-none-eabi/lib/libg.a(lib_a-impure.o)
 .bss           0x000000001ffff458        0x0 /usr/lib/gcc/arm-none-eabi/5.4.1/../../../arm-none-eabi/lib/libg.a(lib_a-init.o)
 .bss           0x000000001ffff458        0x0 /usr/lib/gcc/arm-none-eabi/5.4.1/../../../arm-none-eabi/lib/libg.a(lib_a-memset.o)
 .bss           0x000000001ffff458        0x0 /usr/lib/gcc/arm-none-eabi/5.4.1/../../../arm-none-eabi/lib/libg.a(lib_a-__atexit.o)
 .bss           0x000000001ffff458        0x0 /usr/lib/gcc/arm-none-eabi/5.4.1/../../../arm-none-eabi/lib/libg.a(lib_a-__call_atexit.o)
 .bss           0x000000001ffff458        0x0 /usr/lib/gcc/arm-none-eabi/5.4.1/../../../arm-none-eabi/lib/libnosys.a(_exit.o)
 .bss           0x000000001ffff458        0x0 /usr/lib/gcc/arm-none-eabi/5.4.1/crtend.o
 .bss           0x000000001ffff458        0x0 /usr/lib/gcc/arm-none-eabi/5.4.1/crtn.o
 *(.bss*)
 *(COMMON)
                0x000000001ffff458                . = ALIGN (0x4)
                0x000000001ffff458                __bss_end__ = .
                0x000000001ffff458                __END_BSS = .

.buffer         0x000000001ffff458      0x200 load address 0x0000000000000f74
                0x000000001ffff458                . = ALIGN (0x8)
                0x000000001ffff458                __BUFFER_START = .
                0x000000001ffff658                . = (. + BUFFER_SIZE)
 *fill*         0x000000001ffff458      0x200 
                0x000000001ffff658                __END_BUFFER = .

.heap           0x000000001ffff658      0x400 load address 0x0000000000001174
                0x000000001ffff658                . = ALIGN (0x8)
                0x000000001ffff658                __end__ = .
                [!provide]                        PROVIDE (end, .)
                0x000000001ffff658                __HeapBase = .
                0x000000001ffffa58                . = (. + HEAP_SIZE)
 *fill*         0x000000001ffff658      0x400 
                0x000000001ffffa58                __HeapLimit = .

.stack          0x000000001ffffa58      0x400 load address 0x0000000000001574
                0x000000001ffffa58                . = ALIGN (0x8)
                0x000000001ffffe58                . = (. + STACK_SIZE)
 *fill*         0x000000001ffffa58      0x400 
                0x0000000020003000                __StackTop = (ORIGIN (m_data) + LENGTH (m_data))
                0x0000000020002c00                __StackLimit = (__StackTop - STACK_SIZE)
                0x0000000020003000                PROVIDE (__stack, __StackTop)

.ARM.attributes
                0x0000000000000000       0x2d
 *(.ARM.attributes)
 .ARM.attributes
                0x0000000000000000       0x16 /usr/lib/gcc/arm-none-eabi/5.4.1/crti.o
 .ARM.attributes
                0x0000000000000016       0x30 /usr/lib/gcc/arm-none-eabi/5.4.1/crtbegin.o
 .ARM.attributes
                0x0000000000000046       0x14 /usr/lib/gcc/arm-none-eabi/5.4.1/../../../arm-none-eabi/lib/crt0.o
 .ARM.attributes
                0x000000000000005a       0x32 /tmp/ccKaCuVf.o
 .ARM.attributes
                0x000000000000008c       0x30 /usr/lib/gcc/arm-none-eabi/5.4.1/../../../arm-none-eabi/lib/libg.a(lib_a-atexit.o)
 .ARM.attributes
                0x00000000000000bc       0x30 /usr/lib/gcc/arm-none-eabi/5.4.1/../../../arm-none-eabi/lib/libg.a(lib_a-exit.o)
 .ARM.attributes
                0x00000000000000ec       0x30 /usr/lib/gcc/arm-none-eabi/5.4.1/../../../arm-none-eabi/lib/libg.a(lib_a-fini.o)
 .ARM.attributes
                0x000000000000011c       0x30 /usr/lib/gcc/arm-none-eabi/5.4.1/../../../arm-none-eabi/lib/libg.a(lib_a-impure.o)
 .ARM.attributes
                0x000000000000014c       0x30 /usr/lib/gcc/arm-none-eabi/5.4.1/../../../arm-none-eabi/lib/libg.a(lib_a-init.o)
 .ARM.attributes
                0x000000000000017c       0x30 /usr/lib/gcc/arm-none-eabi/5.4.1/../../../arm-none-eabi/lib/libg.a(lib_a-memset.o)
 .ARM.attributes
                0x00000000000001ac       0x30 /usr/lib/gcc/arm-none-eabi/5.4.1/../../../arm-none-eabi/lib/libg.a(lib_a-__atexit.o)
 .ARM.attributes
                0x00000000000001dc       0x30 /usr/lib/gcc/arm-none-eabi/5.4.1/../../../arm-none-eabi/lib/libg.a(lib_a-__call_atexit.o)
 .ARM.attributes
                0x000000000000020c       0x30 /usr/lib/gcc/arm-none-eabi/5.4.1/../../../arm-none-eabi/lib/libnosys.a(_exit.o)
 .ARM.attributes
                0x000000000000023c       0x30 /usr/lib/gcc/arm-none-eabi/5.4.1/crtend.o
 .ARM.attributes
                0x000000000000026c       0x18 /usr/lib/gcc/arm-none-eabi/5.4.1/crtn.o
                0x0000000000000001                ASSERT ((__StackLimit >= __HeapLimit), region m_data overflowed with stack and heap)
OUTPUT(main.elf elf32-littlearm)

.comment        0x0000000000000000       0x2b
 .comment       0x0000000000000000       0x2b /usr/lib/gcc/arm-none-eabi/5.4.1/crtbegin.o
                                         0x2c (size before relaxing)
 .comment       0x000000000000002b       0x2c /tmp/ccKaCuVf.o
 .comment       0x000000000000002b       0x2c /usr/lib/gcc/arm-none-eabi/5.4.1/../../../arm-none-eabi/lib/libg.a(lib_a-atexit.o)
 .comment       0x000000000000002b       0x2c /usr/lib/gcc/arm-none-eabi/5.4.1/../../../arm-none-eabi/lib/libg.a(lib_a-exit.o)
 .comment       0x000000000000002b       0x2c /usr/lib/gcc/arm-none-eabi/5.4.1/../../../arm-none-eabi/lib/libg.a(lib_a-fini.o)
 .comment       0x000000000000002b       0x2c /usr/lib/gcc/arm-none-eabi/5.4.1/../../../arm-none-eabi/lib/libg.a(lib_a-impure.o)
 .comment       0x000000000000002b       0x2c /usr/lib/gcc/arm-none-eabi/5.4.1/../../../arm-none-eabi/lib/libg.a(lib_a-init.o)
 .comment       0x000000000000002b       0x2c /usr/lib/gcc/arm-none-eabi/5.4.1/../../../arm-none-eabi/lib/libg.a(lib_a-memset.o)
 .comment       0x000000000000002b       0x2c /usr/lib/gcc/arm-none-eabi/5.4.1/../../../arm-none-eabi/lib/libg.a(lib_a-__atexit.o)
 .comment       0x000000000000002b       0x2c /usr/lib/gcc/arm-none-eabi/5.4.1/../../../arm-none-eabi/lib/libg.a(lib_a-__call_atexit.o)
 .comment       0x000000000000002b       0x2c /usr/lib/gcc/arm-none-eabi/5.4.1/../../../arm-none-eabi/lib/libnosys.a(_exit.o)
 .comment       0x000000000000002b       0x2c /usr/lib/gcc/arm-none-eabi/5.4.1/crtend.o

.debug_line     0x0000000000000000      0x9e2
 .debug_line    0x0000000000000000       0x92 /usr/lib/gcc/arm-none-eabi/5.4.1/../../../arm-none-eabi/lib/crt0.o
 .debug_line    0x0000000000000092       0x8a /tmp/ccKaCuVf.o
 .debug_line    0x000000000000011c       0xb5 /usr/lib/gcc/arm-none-eabi/5.4.1/../../../arm-none-eabi/lib/libg.a(lib_a-atexit.o)
 .debug_line    0x00000000000001d1      0x15c /usr/lib/gcc/arm-none-eabi/5.4.1/../../../arm-none-eabi/lib/libg.a(lib_a-exit.o)
 .debug_line    0x000000000000032d       0x99 /usr/lib/gcc/arm-none-eabi/5.4.1/../../../arm-none-eabi/lib/libg.a(lib_a-fini.o)
 .debug_line    0x00000000000003c6       0xe3 /usr/lib/gcc/arm-none-eabi/5.4.1/../../../arm-none-eabi/lib/libg.a(lib_a-impure.o)
 .debug_line    0x00000000000004a9       0xb3 /usr/lib/gcc/arm-none-eabi/5.4.1/../../../arm-none-eabi/lib/libg.a(lib_a-init.o)
 .debug_line    0x000000000000055c      0x10f /usr/lib/gcc/arm-none-eabi/5.4.1/../../../arm-none-eabi/lib/libg.a(lib_a-memset.o)
 .debug_line    0x000000000000066b      0x17d /usr/lib/gcc/arm-none-eabi/5.4.1/../../../arm-none-eabi/lib/libg.a(lib_a-__atexit.o)
 .debug_line    0x00000000000007e8      0x1a5 /usr/lib/gcc/arm-none-eabi/5.4.1/../../../arm-none-eabi/lib/libg.a(lib_a-__call_atexit.o)
 .debug_line    0x000000000000098d       0x55 /usr/lib/gcc/arm-none-eabi/5.4.1/../../../arm-none-eabi/lib/libnosys.a(_exit.o)

.debug_info     0x0000000000000000     0x2a88
 .debug_info    0x0000000000000000       0x92 /usr/lib/gcc/arm-none-eabi/5.4.1/../../../arm-none-eabi/lib/crt0.o
 .debug_info    0x0000000000000092       0xea /tmp/ccKaCuVf.o
 .debug_info    0x000000000000017c       0xfe /usr/lib/gcc/arm-none-eabi/5.4.1/../../../arm-none-eabi/lib/libg.a(lib_a-atexit.o)
 .debug_info    0x000000000000027a      0x8de /usr/lib/gcc/arm-none-eabi/5.4.1/../../../arm-none-eabi/lib/libg.a(lib_a-exit.o)
 .debug_info    0x0000000000000b58       0xfa /usr/lib/gcc/arm-none-eabi/5.4.1/../../../arm-none-eabi/lib/libg.a(lib_a-fini.o)
 .debug_info    0x0000000000000c52      0x89b /usr/lib/gcc/arm-none-eabi/5.4.1/../../../arm-none-eabi/lib/libg.a(lib_a-impure.o)
 .debug_info    0x00000000000014ed      0x110 /usr/lib/gcc/arm-none-eabi/5.4.1/../../../arm-none-eabi/lib/libg.a(lib_a-init.o)
 .debug_info    0x00000000000015fd      0x11e /usr/lib/gcc/arm-none-eabi/5.4.1/../../../arm-none-eabi/lib/libg.a(lib_a-memset.o)
 .debug_info    0x000000000000171b      0x92e /usr/lib/gcc/arm-none-eabi/5.4.1/../../../arm-none-eabi/lib/libg.a(lib_a-__atexit.o)
 .debug_info    0x0000000000002049      0x9a5 /usr/lib/gcc/arm-none-eabi/5.4.1/../../../arm-none-eabi/lib/libg.a(lib_a-__call_atexit.o)
 .debug_info    0x00000000000029ee       0x9a /usr/lib/gcc/arm-none-eabi/5.4.1/../../../arm-none-eabi/lib/libnosys.a(_exit.o)

.debug_abbrev   0x0000000000000000      0xb7b
 .debug_abbrev  0x0000000000000000       0x14 /usr/lib/gcc/arm-none-eabi/5.4.1/../../../arm-none-eabi/lib/crt0.o
 .debug_abbrev  0x0000000000000014       0x7a /tmp/ccKaCuVf.o
 .debug_abbrev  0x000000000000008e       0xa7 /usr/lib/gcc/arm-none-eabi/5.4.1/../../../arm-none-eabi/lib/libg.a(lib_a-atexit.o)
 .debug_abbrev  0x0000000000000135      0x1d6 /usr/lib/gcc/arm-none-eabi/5.4.1/../../../arm-none-eabi/lib/libg.a(lib_a-exit.o)
 .debug_abbrev  0x000000000000030b       0xba /usr/lib/gcc/arm-none-eabi/5.4.1/../../../arm-none-eabi/lib/libg.a(lib_a-fini.o)
 .debug_abbrev  0x00000000000003c5      0x180 /usr/lib/gcc/arm-none-eabi/5.4.1/../../../arm-none-eabi/lib/libg.a(lib_a-impure.o)
 .debug_abbrev  0x0000000000000545       0xba /usr/lib/gcc/arm-none-eabi/5.4.1/../../../arm-none-eabi/lib/libg.a(lib_a-init.o)
 .debug_abbrev  0x00000000000005ff       0x9f /usr/lib/gcc/arm-none-eabi/5.4.1/../../../arm-none-eabi/lib/libg.a(lib_a-memset.o)
 .debug_abbrev  0x000000000000069e      0x20f /usr/lib/gcc/arm-none-eabi/5.4.1/../../../arm-none-eabi/lib/libg.a(lib_a-__atexit.o)
 .debug_abbrev  0x00000000000008ad      0x26d /usr/lib/gcc/arm-none-eabi/5.4.1/../../../arm-none-eabi/lib/libg.a(lib_a-__call_atexit.o)
 .debug_abbrev  0x0000000000000b1a       0x61 /usr/lib/gcc/arm-none-eabi/5.4.1/../../../arm-none-eabi/lib/libnosys.a(_exit.o)

.debug_aranges  0x0000000000000000      0x160
 .debug_aranges
                0x0000000000000000       0x20 /usr/lib/gcc/arm-none-eabi/5.4.1/../../../arm-none-eabi/lib/crt0.o
 .debug_aranges
                0x0000000000000020       0x20 /tmp/ccKaCuVf.o
 .debug_aranges
                0x0000000000000040       0x20 /usr/lib/gcc/arm-none-eabi/5.4.1/../../../arm-none-eabi/lib/libg.a(lib_a-atexit.o)
 .debug_aranges
                0x0000000000000060       0x20 /usr/lib/gcc/arm-none-eabi/5.4.1/../../../arm-none-eabi/lib/libg.a(lib_a-exit.o)
 .debug_aranges
                0x0000000000000080       0x20 /usr/lib/gcc/arm-none-eabi/5.4.1/../../../arm-none-eabi/lib/libg.a(lib_a-fini.o)
 .debug_aranges
                0x00000000000000a0       0x18 /usr/lib/gcc/arm-none-eabi/5.4.1/../../../arm-none-eabi/lib/libg.a(lib_a-impure.o)
 .debug_aranges
                0x00000000000000b8       0x20 /usr/lib/gcc/arm-none-eabi/5.4.1/../../../arm-none-eabi/lib/libg.a(lib_a-init.o)
 .debug_aranges
                0x00000000000000d8       0x20 /usr/lib/gcc/arm-none-eabi/5.4.1/../../../arm-none-eabi/lib/libg.a(lib_a-memset.o)
 .debug_aranges
                0x00000000000000f8       0x20 /usr/lib/gcc/arm-none-eabi/5.4.1/../../../arm-none-eabi/lib/libg.a(lib_a-__atexit.o)
 .debug_aranges
                0x0000000000000118       0x28 /usr/lib/gcc/arm-none-eabi/5.4.1/../../../arm-none-eabi/lib/libg.a(lib_a-__call_atexit.o)
 .debug_aranges
                0x0000000000000140       0x20 /usr/lib/gcc/arm-none-eabi/5.4.1/../../../arm-none-eabi/lib/libnosys.a(_exit.o)

.debug_str      0x0000000000000000      0x99a
 .debug_str     0x0000000000000000      0x11b /tmp/ccKaCuVf.o
                                        0x165 (size before relaxing)
 .debug_str     0x000000000000011b       0xf8 /usr/lib/gcc/arm-none-eabi/5.4.1/../../../arm-none-eabi/lib/libg.a(lib_a-atexit.o)
                                        0x191 (size before relaxing)
 .debug_str     0x0000000000000213      0x3ed /usr/lib/gcc/arm-none-eabi/5.4.1/../../../arm-none-eabi/lib/libg.a(lib_a-exit.o)
                                        0x52e (size before relaxing)
 .debug_str     0x0000000000000600       0xb4 /usr/lib/gcc/arm-none-eabi/5.4.1/../../../arm-none-eabi/lib/libg.a(lib_a-fini.o)
                                        0x189 (size before relaxing)
 .debug_str     0x00000000000006b4       0x87 /usr/lib/gcc/arm-none-eabi/5.4.1/../../../arm-none-eabi/lib/libg.a(lib_a-impure.o)
                                        0x525 (size before relaxing)
 .debug_str     0x000000000000073b       0x8d /usr/lib/gcc/arm-none-eabi/5.4.1/../../../arm-none-eabi/lib/libg.a(lib_a-init.o)
                                        0x1b3 (size before relaxing)
 .debug_str     0x00000000000007c8       0x98 /usr/lib/gcc/arm-none-eabi/5.4.1/../../../arm-none-eabi/lib/libg.a(lib_a-memset.o)
                                        0x168 (size before relaxing)
 .debug_str     0x0000000000000860       0x2d /usr/lib/gcc/arm-none-eabi/5.4.1/../../../arm-none-eabi/lib/libg.a(lib_a-__atexit.o)
                                        0x566 (size before relaxing)
 .debug_str     0x000000000000088d       0x6d /usr/lib/gcc/arm-none-eabi/5.4.1/../../../arm-none-eabi/lib/libg.a(lib_a-__call_atexit.o)
                                        0x585 (size before relaxing)
 .debug_str     0x00000000000008fa       0xa0 /usr/lib/gcc/arm-none-eabi/5.4.1/../../../arm-none-eabi/lib/libnosys.a(_exit.o)
                                        0x136 (size before relaxing)

.debug_frame    0x0000000000000000      0x1e0
 .debug_frame   0x0000000000000000       0x30 /tmp/ccKaCuVf.o
 .debug_frame   0x0000000000000030       0x2c /usr/lib/gcc/arm-none-eabi/5.4.1/../../../arm-none-eabi/lib/libg.a(lib_a-atexit.o)
 .debug_frame   0x000000000000005c       0x28 /usr/lib/gcc/arm-none-eabi/5.4.1/../../../arm-none-eabi/lib/libg.a(lib_a-exit.o)
 .debug_frame   0x0000000000000084       0x34 /usr/lib/gcc/arm-none-eabi/5.4.1/../../../arm-none-eabi/lib/libg.a(lib_a-fini.o)
 .debug_frame   0x00000000000000b8       0x34 /usr/lib/gcc/arm-none-eabi/5.4.1/../../../arm-none-eabi/lib/libg.a(lib_a-init.o)
 .debug_frame   0x00000000000000ec       0x30 /usr/lib/gcc/arm-none-eabi/5.4.1/../../../arm-none-eabi/lib/libg.a(lib_a-memset.o)
 .debug_frame   0x000000000000011c       0x3c /usr/lib/gcc/arm-none-eabi/5.4.1/../../../arm-none-eabi/lib/libg.a(lib_a-__atexit.o)
 .debug_frame   0x0000000000000158       0x68 /usr/lib/gcc/arm-none-eabi/5.4.1/../../../arm-none-eabi/lib/libg.a(lib_a-__call_atexit.o)
 .debug_frame   0x00000000000001c0       0x20 /usr/lib/gcc/arm-none-eabi/5.4.1/../../../arm-none-eabi/lib/libnosys.a(_exit.o)

.debug_loc      0x0000000000000000      0x5c6
 .debug_loc     0x0000000000000000       0x2c /usr/lib/gcc/arm-none-eabi/5.4.1/../../../arm-none-eabi/lib/libg.a(lib_a-atexit.o)
 .debug_loc     0x000000000000002c       0x1e /usr/lib/gcc/arm-none-eabi/5.4.1/../../../arm-none-eabi/lib/libg.a(lib_a-exit.o)
 .debug_loc     0x000000000000004a       0x5c /usr/lib/gcc/arm-none-eabi/5.4.1/../../../arm-none-eabi/lib/libg.a(lib_a-fini.o)
 .debug_loc     0x00000000000000a6       0xa2 /usr/lib/gcc/arm-none-eabi/5.4.1/../../../arm-none-eabi/lib/libg.a(lib_a-init.o)
 .debug_loc     0x0000000000000148      0x198 /usr/lib/gcc/arm-none-eabi/5.4.1/../../../arm-none-eabi/lib/libg.a(lib_a-memset.o)
 .debug_loc     0x00000000000002e0      0x11b /usr/lib/gcc/arm-none-eabi/5.4.1/../../../arm-none-eabi/lib/libg.a(lib_a-__atexit.o)
 .debug_loc     0x00000000000003fb      0x1cb /usr/lib/gcc/arm-none-eabi/5.4.1/../../../arm-none-eabi/lib/libg.a(lib_a-__call_atexit.o)

.debug_ranges   0x0000000000000000       0x40
 .debug_ranges  0x0000000000000000       0x40 /usr/lib/gcc/arm-none-eabi/5.4.1/../../../arm-none-eabi/lib/libg.a(lib_a-__call_atexit.o)
